// Jest Snapshot v1, https://goo.gl/fbAQLP

exports[`NotFoundRoute snapshot test renders the UI as expected 1`] = `
<div
  className="content-wrapper"
>
  <div
    className="person-card"
  >
    <div
      className="person-name"
    >
      <h3>
        Aldiyar Batyrbekov
      </h3>
    </div>
    <div
      className="role"
    >
      <h4>
        Design Lead
      </h4>
    </div>
    <div
      className="person-contact-info"
    >
      <a
        href="https://www.linkedin.com/in/aldibatyr/"
      >
        <FontAwesomeIcon
          border={false}
          className=""
          fixedWidth={false}
          flip={null}
          icon={
            Array [
              "fab",
              "linkedin",
            ]
          }
          inverse={false}
          listItem={false}
          mask={null}
          pull={null}
          pulse={false}
          rotation={null}
          size="2x"
          spin={false}
          symbol={false}
          title=""
          transform={null}
        />
      </a>
       
      <a
        href="https://github.com/aldibatyr"
      >
        <FontAwesomeIcon
          border={false}
          className=""
          fixedWidth={false}
          flip={null}
          icon={
            Array [
              "fab",
              "github-square",
            ]
          }
          inverse={false}
          listItem={false}
          mask={null}
          pull={null}
          pulse={false}
          rotation={null}
          size="2x"
          spin={false}
          symbol={false}
          title=""
          transform={null}
        />
      </a>
    </div>
  </div>
  <div
    className="person-card"
  >
    <div
      className="person-name"
    >
      <h3>
        Chris Fiander
      </h3>
    </div>
    <div
      className="role"
    >
      <h4>
        Product Manager
      </h4>
    </div>
    <div
      className="person-contact-info"
    >
      <a
        href="-empty"
      >
        <FontAwesomeIcon
          border={false}
          className=""
          fixedWidth={false}
          flip={null}
          icon={
            Array [
              "fab",
              "linkedin",
            ]
          }
          inverse={false}
          listItem={false}
          mask={null}
          pull={null}
          pulse={false}
          rotation={null}
          size="2x"
          spin={false}
          symbol={false}
          title=""
          transform={null}
        />
      </a>
       
      <a
        href="-empty"
      >
        <FontAwesomeIcon
          border={false}
          className=""
          fixedWidth={false}
          flip={null}
          icon={
            Array [
              "fab",
              "github-square",
            ]
          }
          inverse={false}
          listItem={false}
          mask={null}
          pull={null}
          pulse={false}
          rotation={null}
          size="2x"
          spin={false}
          symbol={false}
          title=""
          transform={null}
        />
      </a>
    </div>
  </div>
  <div
    className="person-card"
  >
    <div
      className="person-name"
    >
      <h3>
        Erin Dustin
      </h3>
    </div>
    <div
      className="role"
    >
      <h4>
        Project Manager
      </h4>
    </div>
    <div
      className="person-contact-info"
    >
      <a
        href="https://www.linkedin.com/in/erin-dustin/"
      >
        <FontAwesomeIcon
          border={false}
          className=""
          fixedWidth={false}
          flip={null}
          icon={
            Array [
              "fab",
              "linkedin",
            ]
          }
          inverse={false}
          listItem={false}
          mask={null}
          pull={null}
          pulse={false}
          rotation={null}
          size="2x"
          spin={false}
          symbol={false}
          title=""
          transform={null}
        />
      </a>
       
      <a
        href="https://github.com/erincdustin"
      >
        <FontAwesomeIcon
          border={false}
          className=""
          fixedWidth={false}
          flip={null}
          icon={
            Array [
              "fab",
              "github-square",
            ]
          }
          inverse={false}
          listItem={false}
          mask={null}
          pull={null}
          pulse={false}
          rotation={null}
          size="2x"
          spin={false}
          symbol={false}
          title=""
          transform={null}
        />
      </a>
    </div>
  </div>
  <div
    className="person-card"
  >
    <div
      className="person-name"
    >
      <h3>
        Jonathan Moore
      </h3>
    </div>
    <div
      className="role"
    >
      <h4>
        QA Lead
      </h4>
    </div>
    <div
      className="person-contact-info"
    >
      <a
        href="https://www.linkedin.com/in/jonathan-moore-73b24721/"
      >
        <FontAwesomeIcon
          border={false}
          className=""
          fixedWidth={false}
          flip={null}
          icon={
            Array [
              "fab",
              "linkedin",
            ]
          }
          inverse={false}
          listItem={false}
          mask={null}
          pull={null}
          pulse={false}
          rotation={null}
          size="2x"
          spin={false}
          symbol={false}
          title=""
          transform={null}
        />
      </a>
       
      <a
        href="https://github.com/JonathanEdMoore"
      >
        <FontAwesomeIcon
          border={false}
          className=""
          fixedWidth={false}
          flip={null}
          icon={
            Array [
              "fab",
              "github-square",
            ]
          }
          inverse={false}
          listItem={false}
          mask={null}
          pull={null}
          pulse={false}
          rotation={null}
          size="2x"
          spin={false}
          symbol={false}
          title=""
          transform={null}
        />
      </a>
    </div>
  </div>
  <div
    className="person-card"
  >
    <div
      className="person-name"
    >
      <h3>
        Michael Romero
      </h3>
    </div>
    <div
      className="role"
    >
      <h4>
        Product Manager
      </h4>
    </div>
    <div
      className="person-contact-info"
    >
      <a
        href="https://www.linkedin.com/in/michael-romero-854037147/"
      >
        <FontAwesomeIcon
          border={false}
          className=""
          fixedWidth={false}
          flip={null}
          icon={
            Array [
              "fab",
              "linkedin",
            ]
          }
          inverse={false}
          listItem={false}
          mask={null}
          pull={null}
          pulse={false}
          rotation={null}
          size="2x"
          spin={false}
          symbol={false}
          title=""
          transform={null}
        />
      </a>
       
      <a
        href="https://github.com/michaelromero09"
      >
        <FontAwesomeIcon
          border={false}
          className=""
          fixedWidth={false}
          flip={null}
          icon={
            Array [
              "fab",
              "github-square",
            ]
          }
          inverse={false}
          listItem={false}
          mask={null}
          pull={null}
          pulse={false}
          rotation={null}
          size="2x"
          spin={false}
          symbol={false}
          title=""
          transform={null}
        />
      </a>
    </div>
  </div>
</div>
`;
