// Jest Snapshot v1, https://goo.gl/fbAQLP

exports[`Footer snapshot test renders the UI as expected 1`] = `
<footer
  className="footer"
>
  <div
    className="team-info"
  >
    'Some Team Information goes here'
  </div>
  <div
    className="links-to-tech"
  >
    <Link
      to="/"
    >
      GitHub Client
    </Link>
    <br />
    <Link
      to="/"
    >
      GitHub Server
    </Link>
  </div>
</footer>
`;
