// Jest Snapshot v1, https://goo.gl/fbAQLP

exports[`ProfessionalContact snapshot test renders the UI as expected 1`] = `
<Fragment>
  <div
    className="contact-card"
  >
    <div
      className="contact-name"
    >
      <h4>
        Name: 
        first
         
      </h4>
    </div>
    <div
      className="contact-department"
    >
      <p>
        Department: 
        DEPARTMENT
      </p>
    </div>
    <div
      className="contact-position"
    >
      <p>
        Position: 
        position
      </p>
    </div>
    <div
      className="contact-type"
    >
      <p>
        Type: 
        type
      </p>
    </div>
    <div
      className="contact-email"
    >
      <p>
        Email: 
        email@email.com
      </p>
    </div>
    <div
      className="contact-phone"
    >
      <a
        alt="professionals-phone"
        href="111-111-1111"
      >
        Call
      </a>
    </div>
    <div>
      <a
        alt="contact-linkedIn-link"
        href="http://linkedin.com/person"
      >
        LinkedIn
      </a>
    </div>
    <p
      className="error-message"
    />
    <div
      className="contact-save-button"
    >
      <p>
        Saved ✔
      </p>
    </div>
  </div>
</Fragment>
`;
