// Jest Snapshot v1, https://goo.gl/fbAQLP

exports[`ProfessionalContact snapshot test renders the UI as expected 1`] = `
<Fragment>
  <h2>
    Name: 
    first
     
  </h2>
  <p>
    Department: 
    department
  </p>
  <p>
    Position: 
    position
  </p>
  <p>
    Email: 
    email@email.com
  </p>
  <p>
    LinkedIn: 
    http://linkedin.com/person
  </p>
  <p
    className="error-message"
  />
  <div
    className="save-button"
  >
    <p>
      Saved ✔
    </p>
  </div>
</Fragment>
`;
