// Jest Snapshot v1, https://goo.gl/fbAQLP

exports[`ResourcesRoute snapshot test renders the UI as expected 1`] = `
<div
  className="resources-page"
>
  <div
    className="title"
  >
    <h2>
      Resources
    </h2>
  </div>
  <div
    className="resourcesBack"
  >
    <img
      alt="resources-background"
      src="resourcesBack.svg"
    />
  </div>
  <MediaQueryContextConsumer
    minDeviceWidth={961}
  >
    <SideNav />
  </MediaQueryContextConsumer>
  <MediaQueryContextConsumer
    maxDeviceWidth={960}
  >
    <TopNav />
  </MediaQueryContextConsumer>
  <ResourcesForm />
</div>
`;

exports[`ResourcesRoute snapshot test renders the resources form when manually adding resources 1`] = `<ResourcesRoute />`;
